logs/ci/pr-62/run-18394790411.log:CodeQL	UNKNOWN STEP	2025-10-10T02:39:30.2156505Z [2025-10-10 02:39:30] [build-stdout] Extracting /home/runner/work/menschlichkeit-oesterreich-development/menschlichkeit-oesterreich-development/crm.menschlichkeit-oesterreich.at/web/core/modules/config/tests/config_install_fail_test/config/install/language/fr/config_test.dynamic.dotted.default.yml
logs/ci/pr-62/run-18394790411.log:CodeQL	UNKNOWN STEP	2025-10-10T02:39:30.2307374Z [2025-10-10 02:39:30] [build-stdout] Done extracting /home/runner/work/menschlichkeit-oesterreich-development/menschlichkeit-oesterreich-development/crm.menschlichkeit-oesterreich.at/web/core/modules/config/tests/config_install_fail_test/config/install/language/fr/config_test.dynamic.dotted.default.yml (19 ms)
logs/ci/pr-62/run-18394790411.log:CodeQL	UNKNOWN STEP	2025-10-10T02:39:30.5233563Z [2025-10-10 02:39:30] [build-stdout] Extracting /home/runner/work/menschlichkeit-oesterreich-development/menschlichkeit-oesterreich-development/crm.menschlichkeit-oesterreich.at/web/core/modules/config/tests/config_install_fail_test/config/install/config_test.dynamic.dotted.default.yml
logs/ci/pr-62/run-18394790411.log:CodeQL	UNKNOWN STEP	2025-10-10T02:39:30.5235629Z [2025-10-10 02:39:30] [build-stdout] Done extracting /home/runner/work/menschlichkeit-oesterreich-development/menschlichkeit-oesterreich-development/crm.menschlichkeit-oesterreich.at/web/core/modules/config/tests/config_install_fail_test/config/install/config_test.dynamic.dotted.default.yml (0 ms)
logs/ci/pr-62/run-18394790411.log:CodeQL	UNKNOWN STEP	2025-10-10T02:39:31.3971239Z [2025-10-10 02:39:31] [build-stdout] Extracting /home/runner/work/menschlichkeit-oesterreich-development/menschlichkeit-oesterreich-development/crm.menschlichkeit-oesterreich.at/web/core/modules/system/tests/modules/post_update_test_failing/post_update_test_failing.info.yml
logs/ci/pr-62/run-18394790411.log:CodeQL	UNKNOWN STEP	2025-10-10T02:39:31.3974887Z [2025-10-10 02:39:31] [build-stdout] Done extracting /home/runner/work/menschlichkeit-oesterreich-development/menschlichkeit-oesterreich-development/crm.menschlichkeit-oesterreich.at/web/core/modules/system/tests/modules/post_update_test_failing/post_update_test_failing.info.yml (0 ms)
logs/ci/pr-62/run-18394790411.log:CodeQL	UNKNOWN STEP	2025-10-10T02:39:31.4381619Z [2025-10-10 02:39:31] [build-stdout] Extracting /home/runner/work/menschlichkeit-oesterreich-development/menschlichkeit-oesterreich-development/crm.menschlichkeit-oesterreich.at/web/core/modules/system/tests/modules/system_mail_failure_test/system_mail_failure_test.info.yml
logs/ci/pr-62/run-18394790411.log:CodeQL	UNKNOWN STEP	2025-10-10T02:39:31.4402972Z [2025-10-10 02:39:31] [build-stdout] Done extracting /home/runner/work/menschlichkeit-oesterreich-development/menschlichkeit-oesterreich-development/crm.menschlichkeit-oesterreich.at/web/core/modules/system/tests/modules/system_mail_failure_test/system_mail_failure_test.info.yml (13 ms)
logs/ci/pr-62/run-18394790411.log:CodeQL	UNKNOWN STEP	2025-10-10T02:39:31.4848821Z [2025-10-10 02:39:31] [build-stdout] Extracting /home/runner/work/menschlichkeit-oesterreich-development/menschlichkeit-oesterreich-development/crm.menschlichkeit-oesterreich.at/web/core/modules/system/tests/modules/update_test_failing/update_test_failing.info.yml
logs/ci/pr-62/run-18394790411.log:CodeQL	UNKNOWN STEP	2025-10-10T02:39:31.5060109Z [2025-10-10 02:39:31] [build-stdout] Done extracting /home/runner/work/menschlichkeit-oesterreich-development/menschlichkeit-oesterreich-development/crm.menschlichkeit-oesterreich.at/web/core/modules/system/tests/modules/update_test_failing/update_test_failing.info.yml (11 ms)
logs/ci/pr-62/run-18394790411.log:CodeQL	UNKNOWN STEP	2025-10-10T02:39:31.6876431Z [2025-10-10 02:39:31] [build-stdout] Extracting /home/runner/work/menschlichkeit-oesterreich-development/menschlichkeit-oesterreich-development/crm.menschlichkeit-oesterreich.at/web/core/modules/config/tests/config_install_fail_test/config_install_fail_test.info.yml
logs/ci/pr-62/run-18394790411.log:CodeQL	UNKNOWN STEP	2025-10-10T02:39:31.6885200Z [2025-10-10 02:39:31] [build-stdout] Done extracting /home/runner/work/menschlichkeit-oesterreich-development/menschlichkeit-oesterreich-development/crm.menschlichkeit-oesterreich.at/web/core/modules/config/tests/config_install_fail_test/config_install_fail_test.info.yml (0 ms)
logs/ci/pr-62/run-18394790411.log:CodeQL	UNKNOWN STEP	2025-10-10T02:40:14.7703655Z [command]/opt/hostedtoolcache/CodeQL/2.23.2/x64/codeql/codeql database export-diagnostics /home/runner/work/_temp/codeql_databases --db-cluster --format=sarif-latest --output=../codeql-failed-run.sarif --sarif-include-diagnostics -vvv --sarif-category /language:multi
logs/ci/pr-62/run-18394790411.log:CodeQL	UNKNOWN STEP	2025-10-10T02:40:15.9154395Z Uploading failed SARIF file ../codeql-failed-run.sarif
logs/ci/pr-62/run-18394790411.log:CodeQL	UNKNOWN STEP	2025-10-10T02:40:15.9159468Z Processing sarif files: ["../codeql-failed-run.sarif"]
logs/ci/pr-62/run-18394790411.log:CodeQL	UNKNOWN STEP	2025-10-10T02:40:21.8675699Z Analysis upload status is failed.
logs/ci/pr-62/run-18395299420.log:CodeQL	UNKNOWN STEP	2025-10-10T03:12:56.0020963Z [2025-10-10 03:12:55] [build-stdout] Extracting /home/runner/work/menschlichkeit-oesterreich-development/menschlichkeit-oesterreich-development/crm.menschlichkeit-oesterreich.at/web/core/modules/config/tests/config_install_fail_test/config/install/language/fr/config_test.dynamic.dotted.default.yml
logs/ci/pr-62/run-18395299420.log:CodeQL	UNKNOWN STEP	2025-10-10T03:12:56.0252850Z [2025-10-10 03:12:55] [build-stdout] Done extracting /home/runner/work/menschlichkeit-oesterreich-development/menschlichkeit-oesterreich-development/crm.menschlichkeit-oesterreich.at/web/core/modules/config/tests/config_install_fail_test/config/install/language/fr/config_test.dynamic.dotted.default.yml (9 ms)
logs/ci/pr-62/run-18395299420.log:CodeQL	UNKNOWN STEP	2025-10-10T03:12:56.4371005Z [2025-10-10 03:12:56] [build-stdout] Extracting /home/runner/work/menschlichkeit-oesterreich-development/menschlichkeit-oesterreich-development/crm.menschlichkeit-oesterreich.at/web/core/modules/config/tests/config_install_fail_test/config/install/config_test.dynamic.dotted.default.yml
logs/ci/pr-62/run-18395299420.log:CodeQL	UNKNOWN STEP	2025-10-10T03:12:56.4374773Z [2025-10-10 03:12:56] [build-stdout] Done extracting /home/runner/work/menschlichkeit-oesterreich-development/menschlichkeit-oesterreich-development/crm.menschlichkeit-oesterreich.at/web/core/modules/config/tests/config_install_fail_test/config/install/config_test.dynamic.dotted.default.yml (0 ms)
logs/ci/pr-62/run-18395299420.log:CodeQL	UNKNOWN STEP	2025-10-10T03:12:57.2648492Z [2025-10-10 03:12:57] [build-stdout] Extracting /home/runner/work/menschlichkeit-oesterreich-development/menschlichkeit-oesterreich-development/crm.menschlichkeit-oesterreich.at/web/core/modules/system/tests/modules/post_update_test_failing/post_update_test_failing.info.yml
logs/ci/pr-62/run-18395299420.log:CodeQL	UNKNOWN STEP	2025-10-10T03:12:57.2660356Z [2025-10-10 03:12:57] [build-stdout] Done extracting /home/runner/work/menschlichkeit-oesterreich-development/menschlichkeit-oesterreich-development/crm.menschlichkeit-oesterreich.at/web/core/modules/system/tests/modules/post_update_test_failing/post_update_test_failing.info.yml (0 ms)
logs/ci/pr-62/run-18395299420.log:CodeQL	UNKNOWN STEP	2025-10-10T03:12:57.2977550Z [2025-10-10 03:12:57] [build-stdout] Extracting /home/runner/work/menschlichkeit-oesterreich-development/menschlichkeit-oesterreich-development/crm.menschlichkeit-oesterreich.at/web/core/modules/system/tests/modules/system_mail_failure_test/system_mail_failure_test.info.yml
logs/ci/pr-62/run-18395299420.log:CodeQL	UNKNOWN STEP	2025-10-10T03:12:57.2979312Z [2025-10-10 03:12:57] [build-stdout] Done extracting /home/runner/work/menschlichkeit-oesterreich-development/menschlichkeit-oesterreich-development/crm.menschlichkeit-oesterreich.at/web/core/modules/system/tests/modules/system_mail_failure_test/system_mail_failure_test.info.yml (0 ms)
logs/ci/pr-62/run-18395299420.log:CodeQL	UNKNOWN STEP	2025-10-10T03:12:57.3316150Z [2025-10-10 03:12:57] [build-stdout] Extracting /home/runner/work/menschlichkeit-oesterreich-development/menschlichkeit-oesterreich-development/crm.menschlichkeit-oesterreich.at/web/core/modules/system/tests/modules/update_test_failing/update_test_failing.info.yml
logs/ci/pr-62/run-18395299420.log:CodeQL	UNKNOWN STEP	2025-10-10T03:12:57.3372347Z [2025-10-10 03:12:57] [build-stdout] Done extracting /home/runner/work/menschlichkeit-oesterreich-development/menschlichkeit-oesterreich-development/crm.menschlichkeit-oesterreich.at/web/core/modules/system/tests/modules/update_test_failing/update_test_failing.info.yml (1 ms)
logs/ci/pr-62/run-18395299420.log:CodeQL	UNKNOWN STEP	2025-10-10T03:12:57.4656022Z [2025-10-10 03:12:57] [build-stdout] Extracting /home/runner/work/menschlichkeit-oesterreich-development/menschlichkeit-oesterreich-development/crm.menschlichkeit-oesterreich.at/web/core/modules/config/tests/config_install_fail_test/config_install_fail_test.info.yml
logs/ci/pr-62/run-18395299420.log:CodeQL	UNKNOWN STEP	2025-10-10T03:12:57.4680802Z [2025-10-10 03:12:57] [build-stdout] Done extracting /home/runner/work/menschlichkeit-oesterreich-development/menschlichkeit-oesterreich-development/crm.menschlichkeit-oesterreich.at/web/core/modules/config/tests/config_install_fail_test/config_install_fail_test.info.yml (1 ms)
logs/ci/pr-62/run-18395299420.log:CodeQL	UNKNOWN STEP	2025-10-10T03:13:41.3476306Z [command]/opt/hostedtoolcache/CodeQL/2.23.2/x64/codeql/codeql database export-diagnostics /home/runner/work/_temp/codeql_databases --db-cluster --format=sarif-latest --output=../codeql-failed-run.sarif --sarif-include-diagnostics -vvv --sarif-category /language:multi
logs/ci/pr-62/run-18395299420.log:CodeQL	UNKNOWN STEP	2025-10-10T03:13:42.4423320Z Uploading failed SARIF file ../codeql-failed-run.sarif
logs/ci/pr-62/run-18395299420.log:CodeQL	UNKNOWN STEP	2025-10-10T03:13:42.4427964Z Processing sarif files: ["../codeql-failed-run.sarif"]
logs/ci/pr-62/run-18395299420.log:CodeQL	UNKNOWN STEP	2025-10-10T03:13:43.1141701Z Analysis upload status is failed.
logs/ci/pr-62/run-18397937645.log:Lint & Checks	UNKNOWN STEP	2025-10-10T06:03:51.8108859Z [added] quality-reports/LINT-ERROR-CLEANUP-REPORT.md
logs/ci/pr-62/run-18397937645.log:Lint & Checks	UNKNOWN STEP	2025-10-10T06:03:51.8112221Z [added] quality-reports/MCP-PARSING-ERROR-FIX-REPORT.md
logs/ci/pr-62/run-18397937645.log:Lint & Checks	UNKNOWN STEP	2025-10-10T06:03:52.2144581Z ##[group]Run set -euo pipefail
logs/ci/pr-62/run-18397937645.log:Lint & Checks	UNKNOWN STEP	2025-10-10T06:03:52.2144925Z [36;1mset -euo pipefail[0m
logs/ci/pr-62/run-18397937645.log:Lint & Checks	UNKNOWN STEP	2025-10-10T06:03:52.2303115Z shell: /usr/bin/bash --noprofile --norc -e -o pipefail {0}
logs/ci/pr-62/run-18397937645.log:Lint & Checks	UNKNOWN STEP	2025-10-10T06:04:08.5762371Z shell: /usr/bin/bash --noprofile --norc -e -o pipefail {0}
logs/ci/pr-62/run-18395237135.log:CodeQL	UNKNOWN STEP	2025-10-10T03:09:08.3554959Z [2025-10-10 03:09:08] [build-stdout] Extracting /home/runner/work/menschlichkeit-oesterreich-development/menschlichkeit-oesterreich-development/crm.menschlichkeit-oesterreich.at/web/core/modules/config/tests/config_install_fail_test/config/install/language/fr/config_test.dynamic.dotted.default.yml
logs/ci/pr-62/run-18395237135.log:CodeQL	UNKNOWN STEP	2025-10-10T03:09:08.3657478Z [2025-10-10 03:09:08] [build-stdout] Done extracting /home/runner/work/menschlichkeit-oesterreich-development/menschlichkeit-oesterreich-development/crm.menschlichkeit-oesterreich.at/web/core/modules/config/tests/config_install_fail_test/config/install/language/fr/config_test.dynamic.dotted.default.yml (8 ms)
logs/ci/pr-62/run-18395237135.log:CodeQL	UNKNOWN STEP	2025-10-10T03:09:08.6955306Z [2025-10-10 03:09:08] [build-stdout] Extracting /home/runner/work/menschlichkeit-oesterreich-development/menschlichkeit-oesterreich-development/crm.menschlichkeit-oesterreich.at/web/core/modules/config/tests/config_install_fail_test/config/install/config_test.dynamic.dotted.default.yml
logs/ci/pr-62/run-18395237135.log:CodeQL	UNKNOWN STEP	2025-10-10T03:09:08.6966426Z [2025-10-10 03:09:08] [build-stdout] Done extracting /home/runner/work/menschlichkeit-oesterreich-development/menschlichkeit-oesterreich-development/crm.menschlichkeit-oesterreich.at/web/core/modules/config/tests/config_install_fail_test/config/install/config_test.dynamic.dotted.default.yml (6 ms)
logs/ci/pr-62/run-18395237135.log:CodeQL	UNKNOWN STEP	2025-10-10T03:09:09.3670186Z [2025-10-10 03:09:09] [build-stdout] Extracting /home/runner/work/menschlichkeit-oesterreich-development/menschlichkeit-oesterreich-development/crm.menschlichkeit-oesterreich.at/web/core/modules/system/tests/modules/post_update_test_failing/post_update_test_failing.info.yml
logs/ci/pr-62/run-18395237135.log:CodeQL	UNKNOWN STEP	2025-10-10T03:09:09.3675933Z [2025-10-10 03:09:09] [build-stdout] Done extracting /home/runner/work/menschlichkeit-oesterreich-development/menschlichkeit-oesterreich-development/crm.menschlichkeit-oesterreich.at/web/core/modules/system/tests/modules/post_update_test_failing/post_update_test_failing.info.yml (0 ms)
logs/ci/pr-62/run-18395237135.log:CodeQL	UNKNOWN STEP	2025-10-10T03:09:09.3802092Z [2025-10-10 03:09:09] [build-stdout] Extracting /home/runner/work/menschlichkeit-oesterreich-development/menschlichkeit-oesterreich-development/crm.menschlichkeit-oesterreich.at/web/core/modules/system/tests/modules/system_mail_failure_test/system_mail_failure_test.info.yml
logs/ci/pr-62/run-18395237135.log:CodeQL	UNKNOWN STEP	2025-10-10T03:09:09.3807478Z [2025-10-10 03:09:09] [build-stdout] Done extracting /home/runner/work/menschlichkeit-oesterreich-development/menschlichkeit-oesterreich-development/crm.menschlichkeit-oesterreich.at/web/core/modules/system/tests/modules/system_mail_failure_test/system_mail_failure_test.info.yml (0 ms)
logs/ci/pr-62/run-18395237135.log:CodeQL	UNKNOWN STEP	2025-10-10T03:09:09.3927132Z [2025-10-10 03:09:09] [build-stdout] Extracting /home/runner/work/menschlichkeit-oesterreich-development/menschlichkeit-oesterreich-development/crm.menschlichkeit-oesterreich.at/web/core/modules/system/tests/modules/update_test_failing/update_test_failing.info.yml
logs/ci/pr-62/run-18395237135.log:CodeQL	UNKNOWN STEP	2025-10-10T03:09:09.3936036Z [2025-10-10 03:09:09] [build-stdout] Done extracting /home/runner/work/menschlichkeit-oesterreich-development/menschlichkeit-oesterreich-development/crm.menschlichkeit-oesterreich.at/web/core/modules/system/tests/modules/update_test_failing/update_test_failing.info.yml (6 ms)
logs/ci/pr-62/run-18395237135.log:CodeQL	UNKNOWN STEP	2025-10-10T03:09:09.4782172Z [2025-10-10 03:09:09] [build-stdout] Extracting /home/runner/work/menschlichkeit-oesterreich-development/menschlichkeit-oesterreich-development/crm.menschlichkeit-oesterreich.at/web/core/modules/config/tests/config_install_fail_test/config_install_fail_test.info.yml
logs/ci/pr-62/run-18395237135.log:CodeQL	UNKNOWN STEP	2025-10-10T03:09:09.4814284Z [2025-10-10 03:09:09] [build-stdout] Done extracting /home/runner/work/menschlichkeit-oesterreich-development/menschlichkeit-oesterreich-development/crm.menschlichkeit-oesterreich.at/web/core/modules/config/tests/config_install_fail_test/config_install_fail_test.info.yml (3 ms)
logs/ci/pr-62/run-18395237135.log:CodeQL	UNKNOWN STEP	2025-10-10T03:09:52.8858575Z [command]/opt/hostedtoolcache/CodeQL/2.23.2/x64/codeql/codeql database export-diagnostics /home/runner/work/_temp/codeql_databases --db-cluster --format=sarif-latest --output=../codeql-failed-run.sarif --sarif-include-diagnostics -vvv --sarif-category /language:multi
logs/ci/pr-62/run-18395237135.log:CodeQL	UNKNOWN STEP	2025-10-10T03:09:53.9499889Z Uploading failed SARIF file ../codeql-failed-run.sarif
logs/ci/pr-62/run-18395237135.log:CodeQL	UNKNOWN STEP	2025-10-10T03:09:53.9505268Z Processing sarif files: ["../codeql-failed-run.sarif"]
logs/ci/pr-62/run-18395237135.log:CodeQL	UNKNOWN STEP	2025-10-10T03:10:00.2548061Z Analysis upload status is failed.
logs/ci/pr-62/run-18395199734.log:Lint & Checks	UNKNOWN STEP	2025-10-10T03:05:13.7516305Z [added] quality-reports/LINT-ERROR-CLEANUP-REPORT.md
logs/ci/pr-62/run-18395199734.log:Lint & Checks	UNKNOWN STEP	2025-10-10T03:05:13.7519850Z [added] quality-reports/MCP-PARSING-ERROR-FIX-REPORT.md
logs/ci/pr-62/run-18395199734.log:Lint & Checks	UNKNOWN STEP	2025-10-10T03:05:14.3198125Z ##[group]Run set -euo pipefail
logs/ci/pr-62/run-18395199734.log:Lint & Checks	UNKNOWN STEP	2025-10-10T03:05:14.3198454Z [36;1mset -euo pipefail[0m
logs/ci/pr-62/run-18395199734.log:Lint & Checks	UNKNOWN STEP	2025-10-10T03:05:14.3446349Z shell: /usr/bin/bash --noprofile --norc -e -o pipefail {0}
logs/ci/pr-62/run-18395199734.log:Lint & Checks	UNKNOWN STEP	2025-10-10T03:05:31.9255411Z shell: /usr/bin/bash --noprofile --norc -e -o pipefail {0}
logs/ci/pr-62/run-18395763980.log:Lint & Checks	UNKNOWN STEP	2025-10-10T03:40:50.5410924Z [added] quality-reports/LINT-ERROR-CLEANUP-REPORT.md
logs/ci/pr-62/run-18395763980.log:Lint & Checks	UNKNOWN STEP	2025-10-10T03:40:50.5414217Z [added] quality-reports/MCP-PARSING-ERROR-FIX-REPORT.md
logs/ci/pr-62/run-18395763980.log:Lint & Checks	UNKNOWN STEP	2025-10-10T03:40:50.8471979Z ##[group]Run set -euo pipefail
logs/ci/pr-62/run-18395763980.log:Lint & Checks	UNKNOWN STEP	2025-10-10T03:40:50.8472316Z [36;1mset -euo pipefail[0m
logs/ci/pr-62/run-18395763980.log:Lint & Checks	UNKNOWN STEP	2025-10-10T03:40:50.8514382Z shell: /usr/bin/bash --noprofile --norc -e -o pipefail {0}
logs/ci/pr-62/run-18395763980.log:Lint & Checks	UNKNOWN STEP	2025-10-10T03:41:04.0974636Z shell: /usr/bin/bash --noprofile --norc -e -o pipefail {0}
logs/ci/pr-62/run-18397937664.log:CodeQL	UNKNOWN STEP	2025-10-10T06:05:10.7010666Z [2025-10-10 06:05:10] [build-stdout] Extracting /home/runner/work/menschlichkeit-oesterreich-development/menschlichkeit-oesterreich-development/crm.menschlichkeit-oesterreich.at/web/core/modules/config/tests/config_install_fail_test/config/install/language/fr/config_test.dynamic.dotted.default.yml
logs/ci/pr-62/run-18397937664.log:CodeQL	UNKNOWN STEP	2025-10-10T06:05:10.7014791Z [2025-10-10 06:05:10] [build-stdout] Done extracting /home/runner/work/menschlichkeit-oesterreich-development/menschlichkeit-oesterreich-development/crm.menschlichkeit-oesterreich.at/web/core/modules/config/tests/config_install_fail_test/config/install/language/fr/config_test.dynamic.dotted.default.yml (1 ms)
logs/ci/pr-62/run-18397937664.log:CodeQL	UNKNOWN STEP	2025-10-10T06:05:11.0379008Z [2025-10-10 06:05:10] [build-stdout] Extracting /home/runner/work/menschlichkeit-oesterreich-development/menschlichkeit-oesterreich-development/crm.menschlichkeit-oesterreich.at/web/core/modules/config/tests/config_install_fail_test/config/install/config_test.dynamic.dotted.default.yml
logs/ci/pr-62/run-18397937664.log:CodeQL	UNKNOWN STEP	2025-10-10T06:05:11.0395770Z [2025-10-10 06:05:10] [build-stdout] Done extracting /home/runner/work/menschlichkeit-oesterreich-development/menschlichkeit-oesterreich-development/crm.menschlichkeit-oesterreich.at/web/core/modules/config/tests/config_install_fail_test/config/install/config_test.dynamic.dotted.default.yml (0 ms)
logs/ci/pr-62/run-18397937664.log:CodeQL	UNKNOWN STEP	2025-10-10T06:05:11.7877679Z [2025-10-10 06:05:11] [build-stdout] Extracting /home/runner/work/menschlichkeit-oesterreich-development/menschlichkeit-oesterreich-development/crm.menschlichkeit-oesterreich.at/web/core/modules/system/tests/modules/post_update_test_failing/post_update_test_failing.info.yml
logs/ci/pr-62/run-18397937664.log:CodeQL	UNKNOWN STEP	2025-10-10T06:05:11.7930974Z [2025-10-10 06:05:11] [build-stdout] Done extracting /home/runner/work/menschlichkeit-oesterreich-development/menschlichkeit-oesterreich-development/crm.menschlichkeit-oesterreich.at/web/core/modules/system/tests/modules/post_update_test_failing/post_update_test_failing.info.yml (0 ms)
logs/ci/pr-62/run-18397937664.log:CodeQL	UNKNOWN STEP	2025-10-10T06:05:11.8490224Z [2025-10-10 06:05:11] [build-stdout] Extracting /home/runner/work/menschlichkeit-oesterreich-development/menschlichkeit-oesterreich-development/crm.menschlichkeit-oesterreich.at/web/core/modules/system/tests/modules/system_mail_failure_test/system_mail_failure_test.info.yml
logs/ci/pr-62/run-18397937664.log:CodeQL	UNKNOWN STEP	2025-10-10T06:05:11.8519975Z [2025-10-10 06:05:11] [build-stdout] Done extracting /home/runner/work/menschlichkeit-oesterreich-development/menschlichkeit-oesterreich-development/crm.menschlichkeit-oesterreich.at/web/core/modules/system/tests/modules/system_mail_failure_test/system_mail_failure_test.info.yml (1 ms)
logs/ci/pr-62/run-18397937664.log:CodeQL	UNKNOWN STEP	2025-10-10T06:05:11.8706253Z [2025-10-10 06:05:11] [build-stdout] Extracting /home/runner/work/menschlichkeit-oesterreich-development/menschlichkeit-oesterreich-development/crm.menschlichkeit-oesterreich.at/web/core/modules/system/tests/modules/update_test_failing/update_test_failing.info.yml
logs/ci/pr-62/run-18397937664.log:CodeQL	UNKNOWN STEP	2025-10-10T06:05:11.8786619Z [2025-10-10 06:05:11] [build-stdout] Done extracting /home/runner/work/menschlichkeit-oesterreich-development/menschlichkeit-oesterreich-development/crm.menschlichkeit-oesterreich.at/web/core/modules/system/tests/modules/update_test_failing/update_test_failing.info.yml (8 ms)
logs/ci/pr-62/run-18397937664.log:CodeQL	UNKNOWN STEP	2025-10-10T06:05:11.9872065Z [2025-10-10 06:05:11] [build-stdout] Extracting /home/runner/work/menschlichkeit-oesterreich-development/menschlichkeit-oesterreich-development/crm.menschlichkeit-oesterreich.at/web/core/modules/config/tests/config_install_fail_test/config_install_fail_test.info.yml
logs/ci/pr-62/run-18397937664.log:CodeQL	UNKNOWN STEP	2025-10-10T06:05:11.9897893Z [2025-10-10 06:05:11] [build-stdout] Done extracting /home/runner/work/menschlichkeit-oesterreich-development/menschlichkeit-oesterreich-development/crm.menschlichkeit-oesterreich.at/web/core/modules/config/tests/config_install_fail_test/config_install_fail_test.info.yml (0 ms)
logs/ci/pr-62/run-18397937664.log:CodeQL	UNKNOWN STEP	2025-10-10T06:05:54.5482242Z [command]/opt/hostedtoolcache/CodeQL/2.23.2/x64/codeql/codeql database export-diagnostics /home/runner/work/_temp/codeql_databases --db-cluster --format=sarif-latest --output=../codeql-failed-run.sarif --sarif-include-diagnostics -vvv --sarif-category /language:multi
logs/ci/pr-62/run-18397937664.log:CodeQL	UNKNOWN STEP	2025-10-10T06:05:55.6145671Z Uploading failed SARIF file ../codeql-failed-run.sarif
logs/ci/pr-62/run-18397937664.log:CodeQL	UNKNOWN STEP	2025-10-10T06:05:55.6150967Z Processing sarif files: ["../codeql-failed-run.sarif"]
logs/ci/pr-62/run-18397937664.log:CodeQL	UNKNOWN STEP	2025-10-10T06:06:01.3947353Z Analysis upload status is failed.
logs/ci/pr-62/run-18395299396.log:Lint & Checks	UNKNOWN STEP	2025-10-10T03:11:34.5602512Z [added] quality-reports/LINT-ERROR-CLEANUP-REPORT.md
logs/ci/pr-62/run-18395299396.log:Lint & Checks	UNKNOWN STEP	2025-10-10T03:11:34.5605841Z [added] quality-reports/MCP-PARSING-ERROR-FIX-REPORT.md
logs/ci/pr-62/run-18395299396.log:Lint & Checks	UNKNOWN STEP	2025-10-10T03:11:34.9717591Z ##[group]Run set -euo pipefail
logs/ci/pr-62/run-18395299396.log:Lint & Checks	UNKNOWN STEP	2025-10-10T03:11:34.9717929Z [36;1mset -euo pipefail[0m
logs/ci/pr-62/run-18395299396.log:Lint & Checks	UNKNOWN STEP	2025-10-10T03:11:34.9853245Z shell: /usr/bin/bash --noprofile --norc -e -o pipefail {0}
logs/ci/pr-62/run-18395299396.log:Lint & Checks	UNKNOWN STEP	2025-10-10T03:11:50.6352129Z shell: /usr/bin/bash --noprofile --norc -e -o pipefail {0}
logs/ci/pr-62/run-18397041961.log:CodeQL	UNKNOWN STEP	2025-10-10T05:09:34.9810065Z [2025-10-10 05:09:34] [build-stdout] Extracting /home/runner/work/menschlichkeit-oesterreich-development/menschlichkeit-oesterreich-development/crm.menschlichkeit-oesterreich.at/web/core/modules/config/tests/config_install_fail_test/config/install/language/fr/config_test.dynamic.dotted.default.yml
logs/ci/pr-62/run-18397041961.log:CodeQL	UNKNOWN STEP	2025-10-10T05:09:34.9838092Z [2025-10-10 05:09:34] [build-stdout] Done extracting /home/runner/work/menschlichkeit-oesterreich-development/menschlichkeit-oesterreich-development/crm.menschlichkeit-oesterreich.at/web/core/modules/config/tests/config_install_fail_test/config/install/language/fr/config_test.dynamic.dotted.default.yml (2 ms)
logs/ci/pr-62/run-18397041961.log:CodeQL	UNKNOWN STEP	2025-10-10T05:09:35.4381383Z [2025-10-10 05:09:35] [build-stdout] Extracting /home/runner/work/menschlichkeit-oesterreich-development/menschlichkeit-oesterreich-development/crm.menschlichkeit-oesterreich.at/web/core/modules/config/tests/config_install_fail_test/config/install/config_test.dynamic.dotted.default.yml
logs/ci/pr-62/run-18397041961.log:CodeQL	UNKNOWN STEP	2025-10-10T05:09:35.4385389Z [2025-10-10 05:09:35] [build-stdout] Done extracting /home/runner/work/menschlichkeit-oesterreich-development/menschlichkeit-oesterreich-development/crm.menschlichkeit-oesterreich.at/web/core/modules/config/tests/config_install_fail_test/config/install/config_test.dynamic.dotted.default.yml (0 ms)
logs/ci/pr-62/run-18397041961.log:CodeQL	UNKNOWN STEP	2025-10-10T05:09:36.3545805Z [2025-10-10 05:09:35] [build-stdout] Extracting /home/runner/work/menschlichkeit-oesterreich-development/menschlichkeit-oesterreich-development/crm.menschlichkeit-oesterreich.at/web/core/modules/system/tests/modules/post_update_test_failing/post_update_test_failing.info.yml
logs/ci/pr-62/run-18397041961.log:CodeQL	UNKNOWN STEP	2025-10-10T05:09:36.3587054Z [2025-10-10 05:09:35] [build-stdout] Done extracting /home/runner/work/menschlichkeit-oesterreich-development/menschlichkeit-oesterreich-development/crm.menschlichkeit-oesterreich.at/web/core/modules/system/tests/modules/post_update_test_failing/post_update_test_failing.info.yml (0 ms)
logs/ci/pr-62/run-18397041961.log:CodeQL	UNKNOWN STEP	2025-10-10T05:09:36.4148870Z [2025-10-10 05:09:35] [build-stdout] Extracting /home/runner/work/menschlichkeit-oesterreich-development/menschlichkeit-oesterreich-development/crm.menschlichkeit-oesterreich.at/web/core/modules/system/tests/modules/system_mail_failure_test/system_mail_failure_test.info.yml
logs/ci/pr-62/run-18397041961.log:CodeQL	UNKNOWN STEP	2025-10-10T05:09:36.4220195Z [2025-10-10 05:09:35] [build-stdout] Done extracting /home/runner/work/menschlichkeit-oesterreich-development/menschlichkeit-oesterreich-development/crm.menschlichkeit-oesterreich.at/web/core/modules/system/tests/modules/system_mail_failure_test/system_mail_failure_test.info.yml (0 ms)
logs/ci/pr-62/run-18397041961.log:CodeQL	UNKNOWN STEP	2025-10-10T05:09:36.4838737Z [2025-10-10 05:09:35] [build-stdout] Extracting /home/runner/work/menschlichkeit-oesterreich-development/menschlichkeit-oesterreich-development/crm.menschlichkeit-oesterreich.at/web/core/modules/system/tests/modules/update_test_failing/update_test_failing.info.yml
logs/ci/pr-62/run-18397041961.log:CodeQL	UNKNOWN STEP	2025-10-10T05:09:36.4855702Z [2025-10-10 05:09:35] [build-stdout] Done extracting /home/runner/work/menschlichkeit-oesterreich-development/menschlichkeit-oesterreich-development/crm.menschlichkeit-oesterreich.at/web/core/modules/system/tests/modules/update_test_failing/update_test_failing.info.yml (0 ms)
logs/ci/pr-62/run-18397041961.log:CodeQL	UNKNOWN STEP	2025-10-10T05:09:36.7228549Z [2025-10-10 05:09:36] [build-stdout] Extracting /home/runner/work/menschlichkeit-oesterreich-development/menschlichkeit-oesterreich-development/crm.menschlichkeit-oesterreich.at/web/core/modules/config/tests/config_install_fail_test/config_install_fail_test.info.yml
logs/ci/pr-62/run-18397041961.log:CodeQL	UNKNOWN STEP	2025-10-10T05:09:36.7237795Z [2025-10-10 05:09:36] [build-stdout] Done extracting /home/runner/work/menschlichkeit-oesterreich-development/menschlichkeit-oesterreich-development/crm.menschlichkeit-oesterreich.at/web/core/modules/config/tests/config_install_fail_test/config_install_fail_test.info.yml (0 ms)
logs/ci/pr-62/run-18397041961.log:CodeQL	UNKNOWN STEP	2025-10-10T05:10:19.5178896Z [command]/opt/hostedtoolcache/CodeQL/2.23.2/x64/codeql/codeql database export-diagnostics /home/runner/work/_temp/codeql_databases --db-cluster --format=sarif-latest --output=../codeql-failed-run.sarif --sarif-include-diagnostics -vvv --sarif-category /language:multi
logs/ci/pr-62/run-18397041961.log:CodeQL	UNKNOWN STEP	2025-10-10T05:10:20.5931761Z Uploading failed SARIF file ../codeql-failed-run.sarif
logs/ci/pr-62/run-18397041961.log:CodeQL	UNKNOWN STEP	2025-10-10T05:10:20.5936734Z Processing sarif files: ["../codeql-failed-run.sarif"]
logs/ci/pr-62/run-18397041961.log:CodeQL	UNKNOWN STEP	2025-10-10T05:10:26.2094645Z Analysis upload status is failed.
logs/ci/pr-62/run-18396670324.log:Lint & Checks	UNKNOWN STEP	2025-10-10T04:42:14.4720749Z [added] quality-reports/LINT-ERROR-CLEANUP-REPORT.md
logs/ci/pr-62/run-18396670324.log:Lint & Checks	UNKNOWN STEP	2025-10-10T04:42:14.4724080Z [added] quality-reports/MCP-PARSING-ERROR-FIX-REPORT.md
logs/ci/pr-62/run-18396670324.log:Lint & Checks	UNKNOWN STEP	2025-10-10T04:42:14.8518039Z ##[group]Run set -euo pipefail
logs/ci/pr-62/run-18396670324.log:Lint & Checks	UNKNOWN STEP	2025-10-10T04:42:14.8518431Z [36;1mset -euo pipefail[0m
logs/ci/pr-62/run-18396670324.log:Lint & Checks	UNKNOWN STEP	2025-10-10T04:42:14.8637330Z shell: /usr/bin/bash --noprofile --norc -e -o pipefail {0}
logs/ci/pr-62/run-18396670324.log:Lint & Checks	UNKNOWN STEP	2025-10-10T04:42:29.3962212Z shell: /usr/bin/bash --noprofile --norc -e -o pipefail {0}
logs/ci/pr-62/run-18396670315.log:CodeQL	UNKNOWN STEP	2025-10-10T04:43:33.8805577Z [2025-10-10 04:43:33] [build-stdout] Extracting /home/runner/work/menschlichkeit-oesterreich-development/menschlichkeit-oesterreich-development/crm.menschlichkeit-oesterreich.at/web/core/modules/config/tests/config_install_fail_test/config/install/language/fr/config_test.dynamic.dotted.default.yml
logs/ci/pr-62/run-18396670315.log:CodeQL	UNKNOWN STEP	2025-10-10T04:43:33.8825363Z [2025-10-10 04:43:33] [build-stdout] Done extracting /home/runner/work/menschlichkeit-oesterreich-development/menschlichkeit-oesterreich-development/crm.menschlichkeit-oesterreich.at/web/core/modules/config/tests/config_install_fail_test/config/install/language/fr/config_test.dynamic.dotted.default.yml (1 ms)
logs/ci/pr-62/run-18396670315.log:CodeQL	UNKNOWN STEP	2025-10-10T04:43:34.1951028Z [2025-10-10 04:43:34] [build-stdout] Extracting /home/runner/work/menschlichkeit-oesterreich-development/menschlichkeit-oesterreich-development/crm.menschlichkeit-oesterreich.at/web/core/modules/config/tests/config_install_fail_test/config/install/config_test.dynamic.dotted.default.yml
logs/ci/pr-62/run-18396670315.log:CodeQL	UNKNOWN STEP	2025-10-10T04:43:34.1980031Z [2025-10-10 04:43:34] [build-stdout] Done extracting /home/runner/work/menschlichkeit-oesterreich-development/menschlichkeit-oesterreich-development/crm.menschlichkeit-oesterreich.at/web/core/modules/config/tests/config_install_fail_test/config/install/config_test.dynamic.dotted.default.yml (1 ms)
logs/ci/pr-62/run-18396670315.log:CodeQL	UNKNOWN STEP	2025-10-10T04:43:34.9975708Z [2025-10-10 04:43:34] [build-stdout] Extracting /home/runner/work/menschlichkeit-oesterreich-development/menschlichkeit-oesterreich-development/crm.menschlichkeit-oesterreich.at/web/core/modules/system/tests/modules/post_update_test_failing/post_update_test_failing.info.yml
logs/ci/pr-62/run-18396670315.log:CodeQL	UNKNOWN STEP	2025-10-10T04:43:35.0004198Z [2025-10-10 04:43:34] [build-stdout] Done extracting /home/runner/work/menschlichkeit-oesterreich-development/menschlichkeit-oesterreich-development/crm.menschlichkeit-oesterreich.at/web/core/modules/system/tests/modules/post_update_test_failing/post_update_test_failing.info.yml (4 ms)
logs/ci/pr-62/run-18396670315.log:CodeQL	UNKNOWN STEP	2025-10-10T04:43:35.0127703Z [2025-10-10 04:43:34] [build-stdout] Extracting /home/runner/work/menschlichkeit-oesterreich-development/menschlichkeit-oesterreich-development/crm.menschlichkeit-oesterreich.at/web/core/modules/system/tests/modules/system_mail_failure_test/system_mail_failure_test.info.yml
logs/ci/pr-62/run-18396670315.log:CodeQL	UNKNOWN STEP	2025-10-10T04:43:35.0133370Z [2025-10-10 04:43:34] [build-stdout] Done extracting /home/runner/work/menschlichkeit-oesterreich-development/menschlichkeit-oesterreich-development/crm.menschlichkeit-oesterreich.at/web/core/modules/system/tests/modules/system_mail_failure_test/system_mail_failure_test.info.yml (0 ms)
logs/ci/pr-62/run-18396670315.log:CodeQL	UNKNOWN STEP	2025-10-10T04:43:35.0296627Z [2025-10-10 04:43:34] [build-stdout] Extracting /home/runner/work/menschlichkeit-oesterreich-development/menschlichkeit-oesterreich-development/crm.menschlichkeit-oesterreich.at/web/core/modules/system/tests/modules/update_test_failing/update_test_failing.info.yml
logs/ci/pr-62/run-18396670315.log:CodeQL	UNKNOWN STEP	2025-10-10T04:43:35.0302083Z [2025-10-10 04:43:34] [build-stdout] Done extracting /home/runner/work/menschlichkeit-oesterreich-development/menschlichkeit-oesterreich-development/crm.menschlichkeit-oesterreich.at/web/core/modules/system/tests/modules/update_test_failing/update_test_failing.info.yml (0 ms)
logs/ci/pr-62/run-18396670315.log:CodeQL	UNKNOWN STEP	2025-10-10T04:43:35.1466292Z [2025-10-10 04:43:34] [build-stdout] Extracting /home/runner/work/menschlichkeit-oesterreich-development/menschlichkeit-oesterreich-development/crm.menschlichkeit-oesterreich.at/web/core/modules/config/tests/config_install_fail_test/config_install_fail_test.info.yml
logs/ci/pr-62/run-18396670315.log:CodeQL	UNKNOWN STEP	2025-10-10T04:43:35.1475602Z [2025-10-10 04:43:34] [build-stdout] Done extracting /home/runner/work/menschlichkeit-oesterreich-development/menschlichkeit-oesterreich-development/crm.menschlichkeit-oesterreich.at/web/core/modules/config/tests/config_install_fail_test/config_install_fail_test.info.yml (0 ms)
logs/ci/pr-62/run-18396670315.log:CodeQL	UNKNOWN STEP	2025-10-10T04:44:17.4467206Z [command]/opt/hostedtoolcache/CodeQL/2.23.2/x64/codeql/codeql database export-diagnostics /home/runner/work/_temp/codeql_databases --db-cluster --format=sarif-latest --output=../codeql-failed-run.sarif --sarif-include-diagnostics -vvv --sarif-category /language:multi
logs/ci/pr-62/run-18396670315.log:CodeQL	UNKNOWN STEP	2025-10-10T04:44:18.5079221Z Uploading failed SARIF file ../codeql-failed-run.sarif
logs/ci/pr-62/run-18396670315.log:CodeQL	UNKNOWN STEP	2025-10-10T04:44:18.5084678Z Processing sarif files: ["../codeql-failed-run.sarif"]
logs/ci/pr-62/run-18396670315.log:CodeQL	UNKNOWN STEP	2025-10-10T04:44:24.2741048Z Analysis upload status is failed.
logs/ci/pr-62/run-18395913759.log:Lint & Checks	UNKNOWN STEP	2025-10-10T03:51:30.9796692Z [added] quality-reports/LINT-ERROR-CLEANUP-REPORT.md
logs/ci/pr-62/run-18395913759.log:Lint & Checks	UNKNOWN STEP	2025-10-10T03:51:30.9802403Z [added] quality-reports/MCP-PARSING-ERROR-FIX-REPORT.md
logs/ci/pr-62/run-18395913759.log:Lint & Checks	UNKNOWN STEP	2025-10-10T03:51:31.4223410Z ##[group]Run set -euo pipefail
logs/ci/pr-62/run-18395913759.log:Lint & Checks	UNKNOWN STEP	2025-10-10T03:51:31.4223807Z [36;1mset -euo pipefail[0m
logs/ci/pr-62/run-18395913759.log:Lint & Checks	UNKNOWN STEP	2025-10-10T03:51:31.4267144Z shell: /usr/bin/bash --noprofile --norc -e -o pipefail {0}
logs/ci/pr-62/run-18395913759.log:Lint & Checks	UNKNOWN STEP	2025-10-10T03:51:45.9179132Z shell: /usr/bin/bash --noprofile --norc -e -o pipefail {0}
logs/ci/pr-62/run-18395199729.log:CodeQL	UNKNOWN STEP	2025-10-10T03:06:36.6111999Z [2025-10-10 03:06:36] [build-stdout] Extracting /home/runner/work/menschlichkeit-oesterreich-development/menschlichkeit-oesterreich-development/crm.menschlichkeit-oesterreich.at/web/core/modules/config/tests/config_install_fail_test/config/install/language/fr/config_test.dynamic.dotted.default.yml
logs/ci/pr-62/run-18395199729.log:CodeQL	UNKNOWN STEP	2025-10-10T03:06:36.6115968Z [2025-10-10 03:06:36] [build-stdout] Done extracting /home/runner/work/menschlichkeit-oesterreich-development/menschlichkeit-oesterreich-development/crm.menschlichkeit-oesterreich.at/web/core/modules/config/tests/config_install_fail_test/config/install/language/fr/config_test.dynamic.dotted.default.yml (1 ms)
logs/ci/pr-62/run-18395199729.log:CodeQL	UNKNOWN STEP	2025-10-10T03:06:37.1166716Z [2025-10-10 03:06:36] [build-stdout] Extracting /home/runner/work/menschlichkeit-oesterreich-development/menschlichkeit-oesterreich-development/crm.menschlichkeit-oesterreich.at/web/core/modules/config/tests/config_install_fail_test/config/install/config_test.dynamic.dotted.default.yml
logs/ci/pr-62/run-18395199729.log:CodeQL	UNKNOWN STEP	2025-10-10T03:06:37.1177789Z [2025-10-10 03:06:36] [build-stdout] Done extracting /home/runner/work/menschlichkeit-oesterreich-development/menschlichkeit-oesterreich-development/crm.menschlichkeit-oesterreich.at/web/core/modules/config/tests/config_install_fail_test/config/install/config_test.dynamic.dotted.default.yml (0 ms)
logs/ci/pr-62/run-18395199729.log:CodeQL	UNKNOWN STEP	2025-10-10T03:06:38.1243675Z [2025-10-10 03:06:37] [build-stdout] Extracting /home/runner/work/menschlichkeit-oesterreich-development/menschlichkeit-oesterreich-development/crm.menschlichkeit-oesterreich.at/web/core/modules/system/tests/modules/post_update_test_failing/post_update_test_failing.info.yml
logs/ci/pr-62/run-18395199729.log:CodeQL	UNKNOWN STEP	2025-10-10T03:06:38.1245400Z [2025-10-10 03:06:37] [build-stdout] Done extracting /home/runner/work/menschlichkeit-oesterreich-development/menschlichkeit-oesterreich-development/crm.menschlichkeit-oesterreich.at/web/core/modules/system/tests/modules/post_update_test_failing/post_update_test_failing.info.yml (0 ms)
logs/ci/pr-62/run-18395199729.log:CodeQL	UNKNOWN STEP	2025-10-10T03:06:38.1718430Z [2025-10-10 03:06:37] [build-stdout] Extracting /home/runner/work/menschlichkeit-oesterreich-development/menschlichkeit-oesterreich-development/crm.menschlichkeit-oesterreich.at/web/core/modules/system/tests/modules/system_mail_failure_test/system_mail_failure_test.info.yml
logs/ci/pr-62/run-18395199729.log:CodeQL	UNKNOWN STEP	2025-10-10T03:06:38.1725094Z [2025-10-10 03:06:37] [build-stdout] Done extracting /home/runner/work/menschlichkeit-oesterreich-development/menschlichkeit-oesterreich-development/crm.menschlichkeit-oesterreich.at/web/core/modules/system/tests/modules/system_mail_failure_test/system_mail_failure_test.info.yml (0 ms)
logs/ci/pr-62/run-18395199729.log:CodeQL	UNKNOWN STEP	2025-10-10T03:06:38.2223349Z [2025-10-10 03:06:37] [build-stdout] Extracting /home/runner/work/menschlichkeit-oesterreich-development/menschlichkeit-oesterreich-development/crm.menschlichkeit-oesterreich.at/web/core/modules/system/tests/modules/update_test_failing/update_test_failing.info.yml
logs/ci/pr-62/run-18395199729.log:CodeQL	UNKNOWN STEP	2025-10-10T03:06:38.2233714Z [2025-10-10 03:06:37] [build-stdout] Done extracting /home/runner/work/menschlichkeit-oesterreich-development/menschlichkeit-oesterreich-development/crm.menschlichkeit-oesterreich.at/web/core/modules/system/tests/modules/update_test_failing/update_test_failing.info.yml (0 ms)
logs/ci/pr-62/run-18395199729.log:CodeQL	UNKNOWN STEP	2025-10-10T03:06:38.5488651Z [2025-10-10 03:06:37] [build-stdout] Extracting /home/runner/work/menschlichkeit-oesterreich-development/menschlichkeit-oesterreich-development/crm.menschlichkeit-oesterreich.at/web/core/modules/config/tests/config_install_fail_test/config_install_fail_test.info.yml
logs/ci/pr-62/run-18395199729.log:CodeQL	UNKNOWN STEP	2025-10-10T03:06:38.5491927Z [2025-10-10 03:06:37] [build-stdout] Done extracting /home/runner/work/menschlichkeit-oesterreich-development/menschlichkeit-oesterreich-development/crm.menschlichkeit-oesterreich.at/web/core/modules/config/tests/config_install_fail_test/config_install_fail_test.info.yml (0 ms)
logs/ci/pr-62/run-18395199729.log:CodeQL	UNKNOWN STEP	2025-10-10T03:07:20.6842602Z [command]/opt/hostedtoolcache/CodeQL/2.23.2/x64/codeql/codeql database export-diagnostics /home/runner/work/_temp/codeql_databases --db-cluster --format=sarif-latest --output=../codeql-failed-run.sarif --sarif-include-diagnostics -vvv --sarif-category /language:multi
logs/ci/pr-62/run-18395199729.log:CodeQL	UNKNOWN STEP	2025-10-10T03:07:21.7533903Z Uploading failed SARIF file ../codeql-failed-run.sarif
logs/ci/pr-62/run-18395199729.log:CodeQL	UNKNOWN STEP	2025-10-10T03:07:21.7539088Z Processing sarif files: ["../codeql-failed-run.sarif"]
logs/ci/pr-62/run-18395199729.log:CodeQL	UNKNOWN STEP	2025-10-10T03:07:27.5373575Z Analysis upload status is failed.
logs/ci/pr-62/_aggregate.txt:  logs/ci/pr-62/run-18394790411.log:CodeQL	UNKNOWN STEP	2025-10-10T02:39:30.2156505Z [2025-10-10 02:39:30] [build-stdout] Extracting /home/runner/work/menschlichkeit-oesterreich-development/menschlichkeit-oesterreich-development/crm.menschlichkeit-oesterreich.at/web/core/modules/config/tests/config_install_fail_test/config/install/language/fr/config_test.dynamic.dotted.default.yml
logs/ci/pr-62/_aggregate.txt:  logs/ci/pr-62/run-18394790411.log:CodeQL	UNKNOWN STEP	2025-10-10T02:39:30.2307374Z [2025-10-10 02:39:30] [build-stdout] Done extracting /home/runner/work/menschlichkeit-oesterreich-development/menschlichkeit-oesterreich-development/crm.menschlichkeit-oesterreich.at/web/core/modules/config/tests/config_install_fail_test/config/install/language/fr/config_test.dynamic.dotted.default.yml (19 ms)
logs/ci/pr-62/_aggregate.txt:  logs/ci/pr-62/run-18394790411.log:CodeQL	UNKNOWN STEP	2025-10-10T02:39:30.5233563Z [2025-10-10 02:39:30] [build-stdout] Extracting /home/runner/work/menschlichkeit-oesterreich-development/menschlichkeit-oesterreich-development/crm.menschlichkeit-oesterreich.at/web/core/modules/config/tests/config_install_fail_test/config/install/config_test.dynamic.dotted.default.yml
logs/ci/pr-62/_aggregate.txt:  logs/ci/pr-62/run-18394790411.log:CodeQL	UNKNOWN STEP	2025-10-10T02:39:30.5235629Z [2025-10-10 02:39:30] [build-stdout] Done extracting /home/runner/work/menschlichkeit-oesterreich-development/menschlichkeit-oesterreich-development/crm.menschlichkeit-oesterreich.at/web/core/modules/config/tests/config_install_fail_test/config/install/config_test.dynamic.dotted.default.yml (0 ms)
logs/ci/pr-62/_aggregate.txt:  logs/ci/pr-62/run-18394790411.log:CodeQL	UNKNOWN STEP	2025-10-10T02:39:31.3971239Z [2025-10-10 02:39:31] [build-stdout] Extracting /home/runner/work/menschlichkeit-oesterreich-development/menschlichkeit-oesterreich-development/crm.menschlichkeit-oesterreich.at/web/core/modules/system/tests/modules/post_update_test_failing/post_update_test_failing.info.yml
logs/ci/pr-62/_aggregate.txt:  logs/ci/pr-62/run-18394790411.log:CodeQL	UNKNOWN STEP	2025-10-10T02:39:31.3974887Z [2025-10-10 02:39:31] [build-stdout] Done extracting /home/runner/work/menschlichkeit-oesterreich-development/menschlichkeit-oesterreich-development/crm.menschlichkeit-oesterreich.at/web/core/modules/system/tests/modules/post_update_test_failing/post_update_test_failing.info.yml (0 ms)
logs/ci/pr-62/_aggregate.txt:  logs/ci/pr-62/run-18394790411.log:CodeQL	UNKNOWN STEP	2025-10-10T02:39:31.4381619Z [2025-10-10 02:39:31] [build-stdout] Extracting /home/runner/work/menschlichkeit-oesterreich-development/menschlichkeit-oesterreich-development/crm.menschlichkeit-oesterreich.at/web/core/modules/system/tests/modules/system_mail_failure_test/system_mail_failure_test.info.yml
logs/ci/pr-62/_aggregate.txt:  logs/ci/pr-62/run-18394790411.log:CodeQL	UNKNOWN STEP	2025-10-10T02:39:31.4402972Z [2025-10-10 02:39:31] [build-stdout] Done extracting /home/runner/work/menschlichkeit-oesterreich-development/menschlichkeit-oesterreich-development/crm.menschlichkeit-oesterreich.at/web/core/modules/system/tests/modules/system_mail_failure_test/system_mail_failure_test.info.yml (13 ms)
logs/ci/pr-62/_aggregate.txt:  logs/ci/pr-62/run-18394790411.log:CodeQL	UNKNOWN STEP	2025-10-10T02:39:31.4848821Z [2025-10-10 02:39:31] [build-stdout] Extracting /home/runner/work/menschlichkeit-oesterreich-development/menschlichkeit-oesterreich-development/crm.menschlichkeit-oesterreich.at/web/core/modules/system/tests/modules/update_test_failing/update_test_failing.info.yml
logs/ci/pr-62/_aggregate.txt:  logs/ci/pr-62/run-18394790411.log:CodeQL	UNKNOWN STEP	2025-10-10T02:39:31.5060109Z [2025-10-10 02:39:31] [build-stdout] Done extracting /home/runner/work/menschlichkeit-oesterreich-development/menschlichkeit-oesterreich-development/crm.menschlichkeit-oesterreich.at/web/core/modules/system/tests/modules/update_test_failing/update_test_failing.info.yml (11 ms)
logs/ci/pr-62/_aggregate.txt:  logs/ci/pr-62/run-18394790411.log:CodeQL	UNKNOWN STEP	2025-10-10T02:39:31.6876431Z [2025-10-10 02:39:31] [build-stdout] Extracting /home/runner/work/menschlichkeit-oesterreich-development/menschlichkeit-oesterreich-development/crm.menschlichkeit-oesterreich.at/web/core/modules/config/tests/config_install_fail_test/config_install_fail_test.info.yml
logs/ci/pr-62/_aggregate.txt:  logs/ci/pr-62/run-18394790411.log:CodeQL	UNKNOWN STEP	2025-10-10T02:39:31.6885200Z [2025-10-10 02:39:31] [build-stdout] Done extracting /home/runner/work/menschlichkeit-oesterreich-development/menschlichkeit-oesterreich-development/crm.menschlichkeit-oesterreich.at/web/core/modules/config/tests/config_install_fail_test/config_install_fail_test.info.yml (0 ms)
logs/ci/pr-62/_aggregate.txt:  logs/ci/pr-62/run-18394790411.log:CodeQL	UNKNOWN STEP	2025-10-10T02:40:14.7703655Z [command]/opt/hostedtoolcache/CodeQL/2.23.2/x64/codeql/codeql database export-diagnostics /home/runner/work/_temp/codeql_databases --db-cluster --format=sarif-latest --output=../codeql-failed-run.sarif --sarif-include-diagnostics -vvv --sarif-category /language:multi
logs/ci/pr-62/_aggregate.txt:  logs/ci/pr-62/run-18394790411.log:CodeQL	UNKNOWN STEP	2025-10-10T02:40:15.9154395Z Uploading failed SARIF file ../codeql-failed-run.sarif
logs/ci/pr-62/_aggregate.txt:  logs/ci/pr-62/run-18394790411.log:CodeQL	UNKNOWN STEP	2025-10-10T02:40:15.9159468Z Processing sarif files: ["../codeql-failed-run.sarif"]
logs/ci/pr-62/_aggregate.txt:  logs/ci/pr-62/run-18394790411.log:CodeQL	UNKNOWN STEP	2025-10-10T02:40:21.8675699Z Analysis upload status is failed.
logs/ci/pr-62/_aggregate.txt:  logs/ci/pr-62/run-18395299420.log:CodeQL	UNKNOWN STEP	2025-10-10T03:12:56.0020963Z [2025-10-10 03:12:55] [build-stdout] Extracting /home/runner/work/menschlichkeit-oesterreich-development/menschlichkeit-oesterreich-development/crm.menschlichkeit-oesterreich.at/web/core/modules/config/tests/config_install_fail_test/config/install/language/fr/config_test.dynamic.dotted.default.yml
logs/ci/pr-62/_aggregate.txt:  logs/ci/pr-62/run-18395299420.log:CodeQL	UNKNOWN STEP	2025-10-10T03:12:56.0252850Z [2025-10-10 03:12:55] [build-stdout] Done extracting /home/runner/work/menschlichkeit-oesterreich-development/menschlichkeit-oesterreich-development/crm.menschlichkeit-oesterreich.at/web/core/modules/config/tests/config_install_fail_test/config/install/language/fr/config_test.dynamic.dotted.default.yml (9 ms)
logs/ci/pr-62/_aggregate.txt:  logs/ci/pr-62/run-18395299420.log:CodeQL	UNKNOWN STEP	2025-10-10T03:12:56.4371005Z [2025-10-10 03:12:56] [build-stdout] Extracting /home/runner/work/menschlichkeit-oesterreich-development/menschlichkeit-oesterreich-development/crm.menschlichkeit-oesterreich.at/web/core/modules/config/tests/config_install_fail_test/config/install/config_test.dynamic.dotted.default.yml
logs/ci/pr-62/_aggregate.txt:  logs/ci/pr-62/run-18395299420.log:CodeQL	UNKNOWN STEP	2025-10-10T03:12:56.4374773Z [2025-10-10 03:12:56] [build-stdout] Done extracting /home/runner/work/menschlichkeit-oesterreich-development/menschlichkeit-oesterreich-development/crm.menschlichkeit-oesterreich.at/web/core/modules/config/tests/config_install_fail_test/config/install/config_test.dynamic.dotted.default.yml (0 ms)
logs/ci/pr-62/_aggregate.txt:  logs/ci/pr-62/run-18395299420.log:CodeQL	UNKNOWN STEP	2025-10-10T03:12:57.2648492Z [2025-10-10 03:12:57] [build-stdout] Extracting /home/runner/work/menschlichkeit-oesterreich-development/menschlichkeit-oesterreich-development/crm.menschlichkeit-oesterreich.at/web/core/modules/system/tests/modules/post_update_test_failing/post_update_test_failing.info.yml
logs/ci/pr-62/_aggregate.txt:  logs/ci/pr-62/run-18395299420.log:CodeQL	UNKNOWN STEP	2025-10-10T03:12:57.2660356Z [2025-10-10 03:12:57] [build-stdout] Done extracting /home/runner/work/menschlichkeit-oesterreich-development/menschlichkeit-oesterreich-development/crm.menschlichkeit-oesterreich.at/web/core/modules/system/tests/modules/post_update_test_failing/post_update_test_failing.info.yml (0 ms)
logs/ci/pr-62/_aggregate.txt:  logs/ci/pr-62/run-18395299420.log:CodeQL	UNKNOWN STEP	2025-10-10T03:12:57.2977550Z [2025-10-10 03:12:57] [build-stdout] Extracting /home/runner/work/menschlichkeit-oesterreich-development/menschlichkeit-oesterreich-development/crm.menschlichkeit-oesterreich.at/web/core/modules/system/tests/modules/system_mail_failure_test/system_mail_failure_test.info.yml
logs/ci/pr-62/_aggregate.txt:  logs/ci/pr-62/run-18395299420.log:CodeQL	UNKNOWN STEP	2025-10-10T03:12:57.2979312Z [2025-10-10 03:12:57] [build-stdout] Done extracting /home/runner/work/menschlichkeit-oesterreich-development/menschlichkeit-oesterreich-development/crm.menschlichkeit-oesterreich.at/web/core/modules/system/tests/modules/system_mail_failure_test/system_mail_failure_test.info.yml (0 ms)
logs/ci/pr-62/_aggregate.txt:  logs/ci/pr-62/run-18395299420.log:CodeQL	UNKNOWN STEP	2025-10-10T03:12:57.3316150Z [2025-10-10 03:12:57] [build-stdout] Extracting /home/runner/work/menschlichkeit-oesterreich-development/menschlichkeit-oesterreich-development/crm.menschlichkeit-oesterreich.at/web/core/modules/system/tests/modules/update_test_failing/update_test_failing.info.yml
logs/ci/pr-62/_aggregate.txt:  logs/ci/pr-62/run-18395299420.log:CodeQL	UNKNOWN STEP	2025-10-10T03:12:57.3372347Z [2025-10-10 03:12:57] [build-stdout] Done extracting /home/runner/work/menschlichkeit-oesterreich-development/menschlichkeit-oesterreich-development/crm.menschlichkeit-oesterreich.at/web/core/modules/system/tests/modules/update_test_failing/update_test_failing.info.yml (1 ms)
logs/ci/pr-62/_aggregate.txt:  logs/ci/pr-62/run-18395299420.log:CodeQL	UNKNOWN STEP	2025-10-10T03:12:57.4656022Z [2025-10-10 03:12:57] [build-stdout] Extracting /home/runner/work/menschlichkeit-oesterreich-development/menschlichkeit-oesterreich-development/crm.menschlichkeit-oesterreich.at/web/core/modules/config/tests/config_install_fail_test/config_install_fail_test.info.yml
logs/ci/pr-62/_aggregate.txt:  logs/ci/pr-62/run-18395299420.log:CodeQL	UNKNOWN STEP	2025-10-10T03:12:57.4680802Z [2025-10-10 03:12:57] [build-stdout] Done extracting /home/runner/work/menschlichkeit-oesterreich-development/menschlichkeit-oesterreich-development/crm.menschlichkeit-oesterreich.at/web/core/modules/config/tests/config_install_fail_test/config_install_fail_test.info.yml (1 ms)
logs/ci/pr-62/_aggregate.txt:  logs/ci/pr-62/run-18395299420.log:CodeQL	UNKNOWN STEP	2025-10-10T03:13:41.3476306Z [command]/opt/hostedtoolcache/CodeQL/2.23.2/x64/codeql/codeql database export-diagnostics /home/runner/work/_temp/codeql_databases --db-cluster --format=sarif-latest --output=../codeql-failed-run.sarif --sarif-include-diagnostics -vvv --sarif-category /language:multi
logs/ci/pr-62/_aggregate.txt:  logs/ci/pr-62/run-18395299420.log:CodeQL	UNKNOWN STEP	2025-10-10T03:13:42.4423320Z Uploading failed SARIF file ../codeql-failed-run.sarif
logs/ci/pr-62/_aggregate.txt:  logs/ci/pr-62/run-18395299420.log:CodeQL	UNKNOWN STEP	2025-10-10T03:13:42.4427964Z Processing sarif files: ["../codeql-failed-run.sarif"]
logs/ci/pr-62/_aggregate.txt:  logs/ci/pr-62/run-18395299420.log:CodeQL	UNKNOWN STEP	2025-10-10T03:13:43.1141701Z Analysis upload status is failed.
logs/ci/pr-62/_aggregate.txt:  logs/ci/pr-62/run-18397937645.log:Lint & Checks	UNKNOWN STEP	2025-10-10T06:03:51.8108859Z [added] quality-reports/LINT-ERROR-CLEANUP-REPORT.md
logs/ci/pr-62/_aggregate.txt:  logs/ci/pr-62/run-18397937645.log:Lint & Checks	UNKNOWN STEP	2025-10-10T06:03:51.8112221Z [added] quality-reports/MCP-PARSING-ERROR-FIX-REPORT.md
logs/ci/pr-62/_aggregate.txt:  logs/ci/pr-62/run-18397937645.log:Lint & Checks	UNKNOWN STEP	2025-10-10T06:03:52.2144581Z ##[group]Run set -euo pipefail
logs/ci/pr-62/_aggregate.txt:  logs/ci/pr-62/run-18397937645.log:Lint & Checks	UNKNOWN STEP	2025-10-10T06:03:52.2144925Z [36;1mset -euo pipefail[0m
logs/ci/pr-62/_aggregate.txt:  logs/ci/pr-62/run-18397937645.log:Lint & Checks	UNKNOWN STEP	2025-10-10T06:03:52.2303115Z shell: /usr/bin/bash --noprofile --norc -e -o pipefail {0}
logs/ci/pr-62/_aggregate.txt:  logs/ci/pr-62/run-18397937645.log:Lint & Checks	UNKNOWN STEP	2025-10-10T06:04:08.5762371Z shell: /usr/bin/bash --noprofile --norc -e -o pipefail {0}
logs/ci/pr-62/_aggregate.txt:  logs/ci/pr-62/run-18395237135.log:CodeQL	UNKNOWN STEP	2025-10-10T03:09:08.3554959Z [2025-10-10 03:09:08] [build-stdout] Extracting /home/runner/work/menschlichkeit-oesterreich-development/menschlichkeit-oesterreich-development/crm.menschlichkeit-oesterreich.at/web/core/modules/config/tests/config_install_fail_test/config/install/language/fr/config_test.dynamic.dotted.default.yml
logs/ci/pr-62/_aggregate.txt:  logs/ci/pr-62/run-18395237135.log:CodeQL	UNKNOWN STEP	2025-10-10T03:09:08.3657478Z [2025-10-10 03:09:08] [build-stdout] Done extracting /home/runner/work/menschlichkeit-oesterreich-development/menschlichkeit-oesterreich-development/crm.menschlichkeit-oesterreich.at/web/core/modules/config/tests/config_install_fail_test/config/install/language/fr/config_test.dynamic.dotted.default.yml (8 ms)
logs/ci/pr-62/_aggregate.txt:  logs/ci/pr-62/run-18395237135.log:CodeQL	UNKNOWN STEP	2025-10-10T03:09:08.6955306Z [2025-10-10 03:09:08] [build-stdout] Extracting /home/runner/work/menschlichkeit-oesterreich-development/menschlichkeit-oesterreich-development/crm.menschlichkeit-oesterreich.at/web/core/modules/config/tests/config_install_fail_test/config/install/config_test.dynamic.dotted.default.yml
logs/ci/pr-62/_aggregate.txt:  logs/ci/pr-62/run-18395237135.log:CodeQL	UNKNOWN STEP	2025-10-10T03:09:08.6966426Z [2025-10-10 03:09:08] [build-stdout] Done extracting /home/runner/work/menschlichkeit-oesterreich-development/menschlichkeit-oesterreich-development/crm.menschlichkeit-oesterreich.at/web/core/modules/config/tests/config_install_fail_test/config/install/config_test.dynamic.dotted.default.yml (6 ms)
logs/ci/pr-62/_aggregate.txt:  logs/ci/pr-62/run-18395237135.log:CodeQL	UNKNOWN STEP	2025-10-10T03:09:09.3670186Z [2025-10-10 03:09:09] [build-stdout] Extracting /home/runner/work/menschlichkeit-oesterreich-development/menschlichkeit-oesterreich-development/crm.menschlichkeit-oesterreich.at/web/core/modules/system/tests/modules/post_update_test_failing/post_update_test_failing.info.yml
logs/ci/pr-62/_aggregate.txt:  logs/ci/pr-62/run-18395237135.log:CodeQL	UNKNOWN STEP	2025-10-10T03:09:09.3675933Z [2025-10-10 03:09:09] [build-stdout] Done extracting /home/runner/work/menschlichkeit-oesterreich-development/menschlichkeit-oesterreich-development/crm.menschlichkeit-oesterreich.at/web/core/modules/system/tests/modules/post_update_test_failing/post_update_test_failing.info.yml (0 ms)
logs/ci/pr-62/_aggregate.txt:  logs/ci/pr-62/run-18395237135.log:CodeQL	UNKNOWN STEP	2025-10-10T03:09:09.3802092Z [2025-10-10 03:09:09] [build-stdout] Extracting /home/runner/work/menschlichkeit-oesterreich-development/menschlichkeit-oesterreich-development/crm.menschlichkeit-oesterreich.at/web/core/modules/system/tests/modules/system_mail_failure_test/system_mail_failure_test.info.yml
logs/ci/pr-62/_aggregate.txt:  logs/ci/pr-62/run-18395237135.log:CodeQL	UNKNOWN STEP	2025-10-10T03:09:09.3807478Z [2025-10-10 03:09:09] [build-stdout] Done extracting /home/runner/work/menschlichkeit-oesterreich-development/menschlichkeit-oesterreich-development/crm.menschlichkeit-oesterreich.at/web/core/modules/system/tests/modules/system_mail_failure_test/system_mail_failure_test.info.yml (0 ms)
logs/ci/pr-62/_aggregate.txt:  logs/ci/pr-62/run-18395237135.log:CodeQL	UNKNOWN STEP	2025-10-10T03:09:09.3927132Z [2025-10-10 03:09:09] [build-stdout] Extracting /home/runner/work/menschlichkeit-oesterreich-development/menschlichkeit-oesterreich-development/crm.menschlichkeit-oesterreich.at/web/core/modules/system/tests/modules/update_test_failing/update_test_failing.info.yml
logs/ci/pr-62/_aggregate.txt:  logs/ci/pr-62/run-18395237135.log:CodeQL	UNKNOWN STEP	2025-10-10T03:09:09.3936036Z [2025-10-10 03:09:09] [build-stdout] Done extracting /home/runner/work/menschlichkeit-oesterreich-development/menschlichkeit-oesterreich-development/crm.menschlichkeit-oesterreich.at/web/core/modules/system/tests/modules/update_test_failing/update_test_failing.info.yml (6 ms)
logs/ci/pr-62/_aggregate.txt:  logs/ci/pr-62/run-18395237135.log:CodeQL	UNKNOWN STEP	2025-10-10T03:09:09.4782172Z [2025-10-10 03:09:09] [build-stdout] Extracting /home/runner/work/menschlichkeit-oesterreich-development/menschlichkeit-oesterreich-development/crm.menschlichkeit-oesterreich.at/web/core/modules/config/tests/config_install_fail_test/config_install_fail_test.info.yml
logs/ci/pr-62/_aggregate.txt:  logs/ci/pr-62/run-18395237135.log:CodeQL	UNKNOWN STEP	2025-10-10T03:09:09.4814284Z [2025-10-10 03:09:09] [build-stdout] Done extracting /home/runner/work/menschlichkeit-oesterreich-development/menschlichkeit-oesterreich-development/crm.menschlichkeit-oesterreich.at/web/core/modules/config/tests/config_install_fail_test/config_install_fail_test.info.yml (3 ms)
logs/ci/pr-62/_aggregate.txt:  logs/ci/pr-62/run-18395237135.log:CodeQL	UNKNOWN STEP	2025-10-10T03:09:52.8858575Z [command]/opt/hostedtoolcache/CodeQL/2.23.2/x64/codeql/codeql database export-diagnostics /home/runner/work/_temp/codeql_databases --db-cluster --format=sarif-latest --output=../codeql-failed-run.sarif --sarif-include-diagnostics -vvv --sarif-category /language:multi
logs/ci/pr-62/_aggregate.txt:  logs/ci/pr-62/run-18395237135.log:CodeQL	UNKNOWN STEP	2025-10-10T03:09:53.9499889Z Uploading failed SARIF file ../codeql-failed-run.sarif
